0
0
1
1
1
7
7
18
18
18
20
20
20
21
21
21
27
27
38
38
38
40
40
40
41
41
47
47
47
58
58
60
60
60
61
61
61
67
67
67
78
78
80
80
80
81
81
81
87
87
98
98
100
100
100
101
101
107
107
107
118
118
120
120
121
121
127
127
127
138
138
140
140
141
141
141
147
147
158
158
158
160
160
161
161
167
167
178
178
178
180
180
181
181
187
187
187
198
198
198
