g(5) = 10
You should print this
One last thing to print false
Bye!
