Garbage collector bench1.mit
Creating a long-lived binary tree of depth 16
