50
61
502
5023
darn
test
darn
test
darn
test
darn
foo4
darn
0
darn
ok
