Garbage collector bench5.mit
Stretching memory with a binary tree of depth 14
