Please type hello:
Please type hello:
intcastTest passed
inputTest passed
nestedFuncTest passed
recordPreservationTest passed
all tests passed
