100000
0
0
0
100000
0
0
0
100000
100000
0
0
0
100000
0
0
0
100000
0
0
0
0
0
100000
100000
100000
100000
100000
100000
100001
100001
0
0
0
0
0
0
0
0
0
100000
0
100000
100000
0
100000
0
0
0
100000
0
100000
100000
100000
0
0
0
0
0
0
0
0
0
100000
100000
0
0
0
0
0
0
100000
