Hello
OUTPUT: Hello
IllegalArithmeticException: Division by zero
