Should print: Otherprint: hello
Otherprint: hello
Should print: Otherprint: 0: 1: 2: 3: hello
Otherprint: 0: 1: 2: 3: hello
