This should be printed.
This should be printed.
3
2
1
