setting beginning of x
IllegalCastException: String to Record
