a
!@#$%%^&&*()~`
Hi!
a
the center of a tootsie pop?
