Garbage collector bench3.mit
 Creating a long-lived array of 50000
