hello
world
IllegalArithmeticException: Division by zero
