1
2
3
None
3
4
FUNCTION
5
9
10
None
false
0
None
None
None
frame
0
false
0
false
0
false
1
false
0
0
1
while
0
1
2
3
3
3
