_____
Enter a guess letter: 

_____
You have 5 guess(es) left
Enter a guess letter: 

_e___
You have 5 guess(es) left
Enter a guess letter: 

_e___
You have 4 guess(es) left
Enter a guess letter: 

_e___
You have 3 guess(es) left
Enter a guess letter: 

_ell_
You have 3 guess(es) left
Enter a guess letter: 

_ell_
You have 2 guess(es) left
Enter a guess letter: 

_ell_
You have 1 guess(es) left
Enter a guess letter: 

hello
You lose!
