ab
should be 6 6
should be 3 3
should be true true
should be false false
should be true true
