Should be i1i2: i1i2
Should be 5: 5
Should be 6: 6
Should be false: false
Should be false: false
Should be true: true
Should be true: true
Should be -1: -1
Should be 0: 0
